C:\Users\theic\Documents\NetBeansProjects\ShoppingCartApplication\src\main\java\com\mycompany\shoppingcartapplication\ShoppingCartApplication.java
C:\Users\theic\Documents\NetBeansProjects\ShoppingCartApplication\src\main\java\com\shoppingcart\ProductFrame.java
C:\Users\theic\Documents\NetBeansProjects\ShoppingCartApplication\src\main\java\com\shoppingcart\User.java
C:\Users\theic\Documents\NetBeansProjects\ShoppingCartApplication\src\main\java\com\shoppingcart\Inventory.java
C:\Users\theic\Documents\NetBeansProjects\ShoppingCartApplication\src\main\java\com\shoppingcart\CustomerWindow.java
C:\Users\theic\Documents\NetBeansProjects\ShoppingCartApplication\src\main\java\com\shoppingcart\ShoppingCart.java
C:\Users\theic\Documents\NetBeansProjects\ShoppingCartApplication\src\main\java\com\shoppingcart\Main.java
C:\Users\theic\Documents\NetBeansProjects\ShoppingCartApplication\src\main\java\com\shoppingcart\LoginFrame.java
C:\Users\theic\Documents\NetBeansProjects\ShoppingCartApplication\src\main\java\com\shoppingcart\Product.java
